// Jest Snapshot v1, https://goo.gl/fbAQLP

exports[`<ProjectCard /> should render correclty 1`] = `
<div
  class="sc-bdfBwQ kagcwz"
>
  <a
    class="sc-eCssSg gmIpZc"
    data-testid="project-link"
    href="/projects/sample-post"
  >
    <div
      class="sc-gsTCUz kztfLt"
    >
      <span
        class="sc-dlfnbm bfyAnX"
      >
        HTML
      </span>
      <span
        class="sc-dlfnbm bfyAnX"
      >
        Wordpress
      </span>
    </div>
    <h2
      class="sc-hKgILt eAWUsl"
    >
      Sample Post
    </h2>
    <div
      class="sc-jSgupP fWRBzk"
    >
      <div
        class="sc-gKsewC fbEfuh"
      >
        <img
          alt="Sample Post"
          src="https://source.unsplash.com/user/willianjusten/300x140"
        />
      </div>
    </div>
  </a>
</div>
`;
